[    1145ms] [WARNING] cdn.tailwindcss.com should not be used in production. To use Tailwind CSS in production, install it as a PostCSS plugin or use the Tailwind CLI: https://tailwindcss.com/docs/installation @ https://cdn.tailwindcss.com/:63
[    1154ms] [ERROR] Failed to load resource: the server responded with a status of 404 (Not Found) @ http://localhost:5173/_vercel/insights/script.js:0
[    1396ms] [LOG] Supabase initialized successfully @ http://localhost:5173/src/auth.js:22
[    1396ms] [LOG] Auth.js: Initializing... @ http://localhost:5173/src/auth.js:124
[    1397ms] [LOG] Auth.js: UI Elements found: {modal: div#auth-modal.hidden, openBtn: button#login-btn.glass-icon, closeBtn: button#close-auth.close-btn, authForms: div#auth-forms, userProfile: div#user-profile.hidden} @ http://localhost:5173/src/auth.js:174
[    1397ms] [LOG] Auth.js: Attached click listener to Login Button @ http://localhost:5173/src/auth.js:199
[    1494ms] [VERBOSE] [DOM] Input elements should have autocomplete attributes (suggested: "current-password"): (More info: https://goo.gl/9p2vKq) %o @ http://localhost:5173/:0
[    1494ms] [VERBOSE] [DOM] Input elements should have autocomplete attributes (suggested: "current-password"): (More info: https://goo.gl/9p2vKq) %o @ http://localhost:5173/:0
[    1495ms] [LOG] Auth.js: Not in Tauri, skipping deep link listener setup. @ http://localhost:5173/src/auth.js:115
[    8823ms] [LOG] [MP] Connected @ http://localhost:5173/src/multiplayer.js?t=1775224771131:76
[    8824ms] [LOG] [MP] Assigned ID: guest-8mmg2ijk @ http://localhost:5173/src/multiplayer.js?t=1775224771131:80
[  103271ms] [WARNING] cdn.tailwindcss.com should not be used in production. To use Tailwind CSS in production, install it as a PostCSS plugin or use the Tailwind CLI: https://tailwindcss.com/docs/installation @ https://cdn.tailwindcss.com/:63
[  103283ms] [ERROR] Failed to load resource: the server responded with a status of 404 (Not Found) @ http://localhost:5173/_vercel/insights/script.js:0
[  103489ms] [LOG] Supabase initialized successfully @ http://localhost:5173/src/auth.js:22
[  103490ms] [LOG] Auth.js: Initializing... @ http://localhost:5173/src/auth.js:124
[  103490ms] [LOG] Auth.js: UI Elements found: {modal: div#auth-modal.hidden, openBtn: button#login-btn.glass-icon, closeBtn: button#close-auth.close-btn, authForms: div#auth-forms, userProfile: div#user-profile.hidden} @ http://localhost:5173/src/auth.js:174
[  103490ms] [LOG] Auth.js: Attached click listener to Login Button @ http://localhost:5173/src/auth.js:199
[  103559ms] [LOG] Auth.js: Not in Tauri, skipping deep link listener setup. @ http://localhost:5173/src/auth.js:115
[  103572ms] [VERBOSE] [DOM] Input elements should have autocomplete attributes (suggested: "current-password"): (More info: https://goo.gl/9p2vKq) %o @ http://localhost:5173/:0
[  103572ms] [VERBOSE] [DOM] Input elements should have autocomplete attributes (suggested: "current-password"): (More info: https://goo.gl/9p2vKq) %o @ http://localhost:5173/:0
