[     504ms] [WARNING] cdn.tailwindcss.com should not be used in production. To use Tailwind CSS in production, install it as a PostCSS plugin or use the Tailwind CLI: https://tailwindcss.com/docs/installation @ https://cdn.tailwindcss.com/:63
[     512ms] [ERROR] Failed to load resource: the server responded with a status of 404 (Not Found) @ http://localhost:5173/_vercel/insights/script.js:0
[     755ms] [LOG] Supabase initialized successfully @ http://localhost:5173/src/auth.js:22
[     756ms] [LOG] Auth.js: Initializing... @ http://localhost:5173/src/auth.js:124
[     756ms] [LOG] Auth.js: UI Elements found: {modal: div#auth-modal.hidden, openBtn: button#login-btn.glass-icon, closeBtn: button#close-auth.close-btn, authForms: div#auth-forms, userProfile: div#user-profile.hidden} @ http://localhost:5173/src/auth.js:174
[     756ms] [LOG] Auth.js: Attached click listener to Login Button @ http://localhost:5173/src/auth.js:199
[     875ms] [VERBOSE] [DOM] Input elements should have autocomplete attributes (suggested: "current-password"): (More info: https://goo.gl/9p2vKq) %o @ http://localhost:5173/:0
[     875ms] [VERBOSE] [DOM] Input elements should have autocomplete attributes (suggested: "current-password"): (More info: https://goo.gl/9p2vKq) %o @ http://localhost:5173/:0
[     876ms] [LOG] Auth.js: Not in Tauri, skipping deep link listener setup. @ http://localhost:5173/src/auth.js:115
[    6660ms] [LOG] [MP] Connected @ http://localhost:5173/src/multiplayer.js?t=1775224169804:76
[    6660ms] [LOG] [MP] Assigned ID: guest-yeao7iqq @ http://localhost:5173/src/multiplayer.js?t=1775224169804:80
[   14294ms] [WARNING] cdn.tailwindcss.com should not be used in production. To use Tailwind CSS in production, install it as a PostCSS plugin or use the Tailwind CLI: https://tailwindcss.com/docs/installation @ https://cdn.tailwindcss.com/:63
[   14309ms] [ERROR] Failed to load resource: the server responded with a status of 404 (Not Found) @ http://localhost:5173/_vercel/insights/script.js:0
[   14505ms] [LOG] Supabase initialized successfully @ http://localhost:5173/src/auth.js:22
[   14506ms] [LOG] Auth.js: Initializing... @ http://localhost:5173/src/auth.js:124
[   14507ms] [LOG] Auth.js: UI Elements found: {modal: div#auth-modal.hidden, openBtn: button#login-btn.glass-icon, closeBtn: button#close-auth.close-btn, authForms: div#auth-forms, userProfile: div#user-profile.hidden} @ http://localhost:5173/src/auth.js:174
[   14507ms] [LOG] Auth.js: Attached click listener to Login Button @ http://localhost:5173/src/auth.js:199
[   14552ms] [VERBOSE] [DOM] Input elements should have autocomplete attributes (suggested: "current-password"): (More info: https://goo.gl/9p2vKq) %o @ http://localhost:5173/:0
[   14552ms] [VERBOSE] [DOM] Input elements should have autocomplete attributes (suggested: "current-password"): (More info: https://goo.gl/9p2vKq) %o @ http://localhost:5173/:0
[   14557ms] [LOG] Auth.js: Not in Tauri, skipping deep link listener setup. @ http://localhost:5173/src/auth.js:115
