[     124ms] [WARNING] cdn.tailwindcss.com should not be used in production. To use Tailwind CSS in production, install it as a PostCSS plugin or use the Tailwind CLI: https://tailwindcss.com/docs/installation @ https://cdn.tailwindcss.com/:63
[     131ms] [ERROR] Failed to load resource: the server responded with a status of 404 (Not Found) @ http://localhost:5173/_vercel/insights/script.js:0
[     312ms] [LOG] Supabase initialized successfully @ http://localhost:5173/src/auth.js:22
[     313ms] [LOG] Auth.js: Initializing... @ http://localhost:5173/src/auth.js:124
[     313ms] [LOG] Auth.js: UI Elements found: {modal: div#auth-modal.hidden, openBtn: button#login-btn.glass-icon, closeBtn: button#close-auth.close-btn, authForms: div#auth-forms, userProfile: div#user-profile.hidden} @ http://localhost:5173/src/auth.js:174
[     314ms] [LOG] Auth.js: Attached click listener to Login Button @ http://localhost:5173/src/auth.js:199
[     436ms] [VERBOSE] [DOM] Input elements should have autocomplete attributes (suggested: "current-password"): (More info: https://goo.gl/9p2vKq) %o @ http://localhost:5173/:0
[     436ms] [VERBOSE] [DOM] Input elements should have autocomplete attributes (suggested: "current-password"): (More info: https://goo.gl/9p2vKq) %o @ http://localhost:5173/:0
[     438ms] [LOG] Auth.js: Not in Tauri, skipping deep link listener setup. @ http://localhost:5173/src/auth.js:115
[    6341ms] [LOG] [MP] Connected @ http://localhost:5173/src/multiplayer.js?t=1775222833467:76
[    6342ms] [LOG] [MP] Assigned ID: guest-vtqs8deq @ http://localhost:5173/src/multiplayer.js?t=1775222833467:80
[  160867ms] [WARNING] cdn.tailwindcss.com should not be used in production. To use Tailwind CSS in production, install it as a PostCSS plugin or use the Tailwind CLI: https://tailwindcss.com/docs/installation @ https://cdn.tailwindcss.com/:63
[  160874ms] [ERROR] Failed to load resource: the server responded with a status of 404 (Not Found) @ http://localhost:5173/_vercel/insights/script.js:0
[  161074ms] [LOG] Supabase initialized successfully @ http://localhost:5173/src/auth.js:22
[  161075ms] [LOG] Auth.js: Initializing... @ http://localhost:5173/src/auth.js:124
[  161075ms] [LOG] Auth.js: UI Elements found: {modal: div#auth-modal.hidden, openBtn: button#login-btn.glass-icon, closeBtn: button#close-auth.close-btn, authForms: div#auth-forms, userProfile: div#user-profile.hidden} @ http://localhost:5173/src/auth.js:174
[  161075ms] [LOG] Auth.js: Attached click listener to Login Button @ http://localhost:5173/src/auth.js:199
[  161152ms] [LOG] Auth.js: Not in Tauri, skipping deep link listener setup. @ http://localhost:5173/src/auth.js:115
[  161172ms] [VERBOSE] [DOM] Input elements should have autocomplete attributes (suggested: "current-password"): (More info: https://goo.gl/9p2vKq) %o @ http://localhost:5173/:0
[  161172ms] [VERBOSE] [DOM] Input elements should have autocomplete attributes (suggested: "current-password"): (More info: https://goo.gl/9p2vKq) %o @ http://localhost:5173/:0
[  206884ms] [WARNING] cdn.tailwindcss.com should not be used in production. To use Tailwind CSS in production, install it as a PostCSS plugin or use the Tailwind CLI: https://tailwindcss.com/docs/installation @ https://cdn.tailwindcss.com/:63
[  206904ms] [ERROR] Failed to load resource: the server responded with a status of 404 (Not Found) @ http://localhost:5173/_vercel/insights/script.js:0
[  207065ms] [LOG] Supabase initialized successfully @ http://localhost:5173/src/auth.js:22
[  207067ms] [LOG] Auth.js: Initializing... @ http://localhost:5173/src/auth.js:124
[  207067ms] [LOG] Auth.js: UI Elements found: {modal: div#auth-modal.hidden, openBtn: button#login-btn.glass-icon, closeBtn: button#close-auth.close-btn, authForms: div#auth-forms, userProfile: div#user-profile.hidden} @ http://localhost:5173/src/auth.js:174
[  207067ms] [LOG] Auth.js: Attached click listener to Login Button @ http://localhost:5173/src/auth.js:199
[  207069ms] [LOG] Auth.js: Not in Tauri, skipping deep link listener setup. @ http://localhost:5173/src/auth.js:115
[  207106ms] [VERBOSE] [DOM] Input elements should have autocomplete attributes (suggested: "current-password"): (More info: https://goo.gl/9p2vKq) %o @ http://localhost:5173/:0
[  207106ms] [VERBOSE] [DOM] Input elements should have autocomplete attributes (suggested: "current-password"): (More info: https://goo.gl/9p2vKq) %o @ http://localhost:5173/:0
[  216205ms] [WARNING] cdn.tailwindcss.com should not be used in production. To use Tailwind CSS in production, install it as a PostCSS plugin or use the Tailwind CLI: https://tailwindcss.com/docs/installation @ https://cdn.tailwindcss.com/:63
[  216241ms] [ERROR] Failed to load resource: the server responded with a status of 404 (Not Found) @ http://localhost:5173/_vercel/insights/script.js:0
[  216427ms] [LOG] Supabase initialized successfully @ http://localhost:5173/src/auth.js:22
[  216428ms] [LOG] Auth.js: Initializing... @ http://localhost:5173/src/auth.js:124
[  216428ms] [LOG] Auth.js: UI Elements found: {modal: div#auth-modal.hidden, openBtn: button#login-btn.glass-icon, closeBtn: button#close-auth.close-btn, authForms: div#auth-forms, userProfile: div#user-profile.hidden} @ http://localhost:5173/src/auth.js:174
[  216428ms] [LOG] Auth.js: Attached click listener to Login Button @ http://localhost:5173/src/auth.js:199
[  216473ms] [VERBOSE] [DOM] Input elements should have autocomplete attributes (suggested: "current-password"): (More info: https://goo.gl/9p2vKq) %o @ http://localhost:5173/:0
[  216473ms] [VERBOSE] [DOM] Input elements should have autocomplete attributes (suggested: "current-password"): (More info: https://goo.gl/9p2vKq) %o @ http://localhost:5173/:0
[  216478ms] [LOG] Auth.js: Not in Tauri, skipping deep link listener setup. @ http://localhost:5173/src/auth.js:115
[  226511ms] [WARNING] cdn.tailwindcss.com should not be used in production. To use Tailwind CSS in production, install it as a PostCSS plugin or use the Tailwind CLI: https://tailwindcss.com/docs/installation @ https://cdn.tailwindcss.com/:63
[  226543ms] [ERROR] Failed to load resource: the server responded with a status of 404 (Not Found) @ http://localhost:5173/_vercel/insights/script.js:0
[  226741ms] [LOG] Supabase initialized successfully @ http://localhost:5173/src/auth.js:22
[  226741ms] [LOG] Auth.js: Initializing... @ http://localhost:5173/src/auth.js:124
[  226741ms] [LOG] Auth.js: UI Elements found: {modal: div#auth-modal.hidden, openBtn: button#login-btn.glass-icon, closeBtn: button#close-auth.close-btn, authForms: div#auth-forms, userProfile: div#user-profile.hidden} @ http://localhost:5173/src/auth.js:174
[  226741ms] [LOG] Auth.js: Attached click listener to Login Button @ http://localhost:5173/src/auth.js:199
[  226744ms] [LOG] Auth.js: Not in Tauri, skipping deep link listener setup. @ http://localhost:5173/src/auth.js:115
[  226778ms] [VERBOSE] [DOM] Input elements should have autocomplete attributes (suggested: "current-password"): (More info: https://goo.gl/9p2vKq) %o @ http://localhost:5173/:0
[  226778ms] [VERBOSE] [DOM] Input elements should have autocomplete attributes (suggested: "current-password"): (More info: https://goo.gl/9p2vKq) %o @ http://localhost:5173/:0
