[     600ms] Error: Minified React error #425; visit https://reactjs.org/docs/error-decoder.html?invariant=425 for the full message or use the non-minified dev environment for full errors and additional helpful warnings.
    at Af (https://typer.io/_next/static/chunks/framework-fae63b21a27d6472.js:9:40248)
    at https://typer.io/_next/static/chunks/framework-fae63b21a27d6472.js:9:103425
    at Sk (https://typer.io/_next/static/chunks/framework-fae63b21a27d6472.js:9:106161)
    at Uk (https://typer.io/_next/static/chunks/framework-fae63b21a27d6472.js:9:99144)
    at https://typer.io/_next/static/chunks/framework-fae63b21a27d6472.js:9:98951
    at Ik (https://typer.io/_next/static/chunks/framework-fae63b21a27d6472.js:9:98958)
    at Gk (https://typer.io/_next/static/chunks/framework-fae63b21a27d6472.js:9:94002)
    at J (https://typer.io/_next/static/chunks/framework-fae63b21a27d6472.js:33:1364)
    at MessagePort.R (https://typer.io/_next/static/chunks/framework-fae63b21a27d6472.js:33:1894)
[     602ms] Error: Minified React error #418; visit https://reactjs.org/docs/error-decoder.html?invariant=418 for the full message or use the non-minified dev environment for full errors and additional helpful warnings.
    at Eg (https://typer.io/_next/static/chunks/framework-fae63b21a27d6472.js:9:46547)
    at x (https://typer.io/_next/static/chunks/framework-fae63b21a27d6472.js:9:121087)
    at Uk (https://typer.io/_next/static/chunks/framework-fae63b21a27d6472.js:9:99084)
    at https://typer.io/_next/static/chunks/framework-fae63b21a27d6472.js:9:98951
    at Ik (https://typer.io/_next/static/chunks/framework-fae63b21a27d6472.js:9:98958)
    at Gk (https://typer.io/_next/static/chunks/framework-fae63b21a27d6472.js:9:94002)
    at J (https://typer.io/_next/static/chunks/framework-fae63b21a27d6472.js:33:1364)
    at MessagePort.R (https://typer.io/_next/static/chunks/framework-fae63b21a27d6472.js:33:1894)
[     603ms] Error: Minified React error #418; visit https://reactjs.org/docs/error-decoder.html?invariant=418 for the full message or use the non-minified dev environment for full errors and additional helpful warnings.
    at Eg (https://typer.io/_next/static/chunks/framework-fae63b21a27d6472.js:9:46547)
    at x (https://typer.io/_next/static/chunks/framework-fae63b21a27d6472.js:9:121087)
    at Uk (https://typer.io/_next/static/chunks/framework-fae63b21a27d6472.js:9:99084)
    at https://typer.io/_next/static/chunks/framework-fae63b21a27d6472.js:9:98951
    at Ik (https://typer.io/_next/static/chunks/framework-fae63b21a27d6472.js:9:98958)
    at Gk (https://typer.io/_next/static/chunks/framework-fae63b21a27d6472.js:9:94002)
    at J (https://typer.io/_next/static/chunks/framework-fae63b21a27d6472.js:33:1364)
    at MessagePort.R (https://typer.io/_next/static/chunks/framework-fae63b21a27d6472.js:33:1894)
[     603ms] Error: Minified React error #418; visit https://reactjs.org/docs/error-decoder.html?invariant=418 for the full message or use the non-minified dev environment for full errors and additional helpful warnings.
    at Eg (https://typer.io/_next/static/chunks/framework-fae63b21a27d6472.js:9:46547)
    at x (https://typer.io/_next/static/chunks/framework-fae63b21a27d6472.js:9:121087)
    at Uk (https://typer.io/_next/static/chunks/framework-fae63b21a27d6472.js:9:99084)
    at https://typer.io/_next/static/chunks/framework-fae63b21a27d6472.js:9:98951
    at Ik (https://typer.io/_next/static/chunks/framework-fae63b21a27d6472.js:9:98958)
    at Gk (https://typer.io/_next/static/chunks/framework-fae63b21a27d6472.js:9:94002)
    at J (https://typer.io/_next/static/chunks/framework-fae63b21a27d6472.js:33:1364)
    at MessagePort.R (https://typer.io/_next/static/chunks/framework-fae63b21a27d6472.js:33:1894)
[     604ms] Error: Minified React error #418; visit https://reactjs.org/docs/error-decoder.html?invariant=418 for the full message or use the non-minified dev environment for full errors and additional helpful warnings.
    at Eg (https://typer.io/_next/static/chunks/framework-fae63b21a27d6472.js:9:46547)
    at x (https://typer.io/_next/static/chunks/framework-fae63b21a27d6472.js:9:121087)
    at Uk (https://typer.io/_next/static/chunks/framework-fae63b21a27d6472.js:9:99084)
    at https://typer.io/_next/static/chunks/framework-fae63b21a27d6472.js:9:98951
    at Ik (https://typer.io/_next/static/chunks/framework-fae63b21a27d6472.js:9:98958)
    at Gk (https://typer.io/_next/static/chunks/framework-fae63b21a27d6472.js:9:94002)
    at J (https://typer.io/_next/static/chunks/framework-fae63b21a27d6472.js:33:1364)
    at MessagePort.R (https://typer.io/_next/static/chunks/framework-fae63b21a27d6472.js:33:1894)
[     605ms] Error: Minified React error #418; visit https://reactjs.org/docs/error-decoder.html?invariant=418 for the full message or use the non-minified dev environment for full errors and additional helpful warnings.
    at Eg (https://typer.io/_next/static/chunks/framework-fae63b21a27d6472.js:9:46547)
    at x (https://typer.io/_next/static/chunks/framework-fae63b21a27d6472.js:9:121087)
    at Uk (https://typer.io/_next/static/chunks/framework-fae63b21a27d6472.js:9:99084)
    at https://typer.io/_next/static/chunks/framework-fae63b21a27d6472.js:9:98951
    at Ik (https://typer.io/_next/static/chunks/framework-fae63b21a27d6472.js:9:98958)
    at Gk (https://typer.io/_next/static/chunks/framework-fae63b21a27d6472.js:9:94002)
    at J (https://typer.io/_next/static/chunks/framework-fae63b21a27d6472.js:33:1364)
    at MessagePort.R (https://typer.io/_next/static/chunks/framework-fae63b21a27d6472.js:33:1894)
[     605ms] Error: Minified React error #418; visit https://reactjs.org/docs/error-decoder.html?invariant=418 for the full message or use the non-minified dev environment for full errors and additional helpful warnings.
    at Eg (https://typer.io/_next/static/chunks/framework-fae63b21a27d6472.js:9:46547)
    at x (https://typer.io/_next/static/chunks/framework-fae63b21a27d6472.js:9:121087)
    at Uk (https://typer.io/_next/static/chunks/framework-fae63b21a27d6472.js:9:99084)
    at https://typer.io/_next/static/chunks/framework-fae63b21a27d6472.js:9:98951
    at Ik (https://typer.io/_next/static/chunks/framework-fae63b21a27d6472.js:9:98958)
    at Gk (https://typer.io/_next/static/chunks/framework-fae63b21a27d6472.js:9:94002)
    at J (https://typer.io/_next/static/chunks/framework-fae63b21a27d6472.js:33:1364)
    at MessagePort.R (https://typer.io/_next/static/chunks/framework-fae63b21a27d6472.js:33:1894)
[     606ms] Error: Minified React error #423; visit https://reactjs.org/docs/error-decoder.html?invariant=423 for the full message or use the non-minified dev environment for full errors and additional helpful warnings.
    at x (https://typer.io/_next/static/chunks/framework-fae63b21a27d6472.js:9:120756)
    at Uk (https://typer.io/_next/static/chunks/framework-fae63b21a27d6472.js:9:99084)
    at https://typer.io/_next/static/chunks/framework-fae63b21a27d6472.js:9:98951
    at Ik (https://typer.io/_next/static/chunks/framework-fae63b21a27d6472.js:9:98958)
    at Nk (https://typer.io/_next/static/chunks/framework-fae63b21a27d6472.js:9:95714)
    at Gk (https://typer.io/_next/static/chunks/framework-fae63b21a27d6472.js:9:94270)
    at J (https://typer.io/_next/static/chunks/framework-fae63b21a27d6472.js:33:1364)
    at MessagePort.R (https://typer.io/_next/static/chunks/framework-fae63b21a27d6472.js:33:1894)
