[     489ms] [WARNING] cdn.tailwindcss.com should not be used in production. To use Tailwind CSS in production, install it as a PostCSS plugin or use the Tailwind CLI: https://tailwindcss.com/docs/installation @ https://cdn.tailwindcss.com/:63
[     498ms] [ERROR] Failed to load resource: the server responded with a status of 404 (Not Found) @ http://localhost:5173/_vercel/insights/script.js:0
[     757ms] [LOG] Supabase initialized successfully @ http://localhost:5173/src/auth.js:22
[     758ms] [LOG] Auth.js: Initializing... @ http://localhost:5173/src/auth.js:124
[     758ms] [LOG] Auth.js: UI Elements found: {modal: div#auth-modal.hidden, openBtn: button#login-btn.glass-icon, closeBtn: button#close-auth.close-btn, authForms: div#auth-forms, userProfile: div#user-profile.hidden} @ http://localhost:5173/src/auth.js:174
[     758ms] [LOG] Auth.js: Attached click listener to Login Button @ http://localhost:5173/src/auth.js:199
[     866ms] [VERBOSE] [DOM] Input elements should have autocomplete attributes (suggested: "current-password"): (More info: https://goo.gl/9p2vKq) %o @ http://localhost:5173/:0
[     866ms] [VERBOSE] [DOM] Input elements should have autocomplete attributes (suggested: "current-password"): (More info: https://goo.gl/9p2vKq) %o @ http://localhost:5173/:0
[     868ms] [LOG] Auth.js: Not in Tauri, skipping deep link listener setup. @ http://localhost:5173/src/auth.js:115
[    6914ms] [LOG] [MP] Connected @ http://localhost:5173/src/multiplayer.js?t=1775224169804:76
[    6914ms] [LOG] [MP] Assigned ID: guest-2ha4do11 @ http://localhost:5173/src/multiplayer.js?t=1775224169804:80
[  296676ms] [WARNING] cdn.tailwindcss.com should not be used in production. To use Tailwind CSS in production, install it as a PostCSS plugin or use the Tailwind CLI: https://tailwindcss.com/docs/installation @ https://cdn.tailwindcss.com/:63
[  296691ms] [ERROR] Failed to load resource: the server responded with a status of 404 (Not Found) @ http://localhost:5173/_vercel/insights/script.js:0
[  296907ms] [LOG] Supabase initialized successfully @ http://localhost:5173/src/auth.js:22
[  296909ms] [LOG] Auth.js: Initializing... @ http://localhost:5173/src/auth.js:124
[  296909ms] [LOG] Auth.js: UI Elements found: {modal: div#auth-modal.hidden, openBtn: button#login-btn.glass-icon, closeBtn: button#close-auth.close-btn, authForms: div#auth-forms, userProfile: div#user-profile.hidden} @ http://localhost:5173/src/auth.js:174
[  296909ms] [LOG] Auth.js: Attached click listener to Login Button @ http://localhost:5173/src/auth.js:199
[  296955ms] [VERBOSE] [DOM] Input elements should have autocomplete attributes (suggested: "current-password"): (More info: https://goo.gl/9p2vKq) %o @ http://localhost:5173/:0
[  296955ms] [VERBOSE] [DOM] Input elements should have autocomplete attributes (suggested: "current-password"): (More info: https://goo.gl/9p2vKq) %o @ http://localhost:5173/:0
[  296960ms] [LOG] Auth.js: Not in Tauri, skipping deep link listener setup. @ http://localhost:5173/src/auth.js:115
[  299737ms] [LOG] [MP] Connected @ http://localhost:5173/src/multiplayer.js?t=1775224169804:76
[  299737ms] [LOG] [MP] Assigned ID: guest-xj57hgzs @ http://localhost:5173/src/multiplayer.js?t=1775224169804:80
[  324435ms] [WARNING] cdn.tailwindcss.com should not be used in production. To use Tailwind CSS in production, install it as a PostCSS plugin or use the Tailwind CLI: https://tailwindcss.com/docs/installation @ https://cdn.tailwindcss.com/:63
[  324459ms] [ERROR] Failed to load resource: the server responded with a status of 404 (Not Found) @ http://localhost:5173/_vercel/insights/script.js:0
[  324646ms] [LOG] Supabase initialized successfully @ http://localhost:5173/src/auth.js:22
[  324648ms] [LOG] Auth.js: Initializing... @ http://localhost:5173/src/auth.js:124
[  324648ms] [LOG] Auth.js: UI Elements found: {modal: div#auth-modal.hidden, openBtn: button#login-btn.glass-icon, closeBtn: button#close-auth.close-btn, authForms: div#auth-forms, userProfile: div#user-profile.hidden} @ http://localhost:5173/src/auth.js:174
[  324648ms] [LOG] Auth.js: Attached click listener to Login Button @ http://localhost:5173/src/auth.js:199
[  324651ms] [LOG] Auth.js: Not in Tauri, skipping deep link listener setup. @ http://localhost:5173/src/auth.js:115
[  324690ms] [VERBOSE] [DOM] Input elements should have autocomplete attributes (suggested: "current-password"): (More info: https://goo.gl/9p2vKq) %o @ http://localhost:5173/:0
[  324690ms] [VERBOSE] [DOM] Input elements should have autocomplete attributes (suggested: "current-password"): (More info: https://goo.gl/9p2vKq) %o @ http://localhost:5173/:0
