[     500ms] [WARNING] cdn.tailwindcss.com should not be used in production. To use Tailwind CSS in production, install it as a PostCSS plugin or use the Tailwind CLI: https://tailwindcss.com/docs/installation @ https://cdn.tailwindcss.com/:63
[     510ms] [ERROR] Failed to load resource: the server responded with a status of 404 (Not Found) @ http://localhost:5173/_vercel/insights/script.js:0
[    5549ms] [LOG] Supabase initialized successfully @ http://localhost:5173/src/auth.js:22
[    5550ms] [LOG] Auth.js: Initializing... @ http://localhost:5173/src/auth.js:124
[    5550ms] [LOG] Auth.js: UI Elements found: {modal: div#auth-modal.hidden, openBtn: button#login-btn.glass-icon, closeBtn: button#close-auth.close-btn, authForms: div#auth-forms, userProfile: div#user-profile.hidden} @ http://localhost:5173/src/auth.js:174
[    5550ms] [LOG] Auth.js: Attached click listener to Login Button @ http://localhost:5173/src/auth.js:199
[    5671ms] [VERBOSE] [DOM] Input elements should have autocomplete attributes (suggested: "current-password"): (More info: https://goo.gl/9p2vKq) %o @ http://localhost:5173/:0
[    5671ms] [VERBOSE] [DOM] Input elements should have autocomplete attributes (suggested: "current-password"): (More info: https://goo.gl/9p2vKq) %o @ http://localhost:5173/:0
[    5673ms] [LOG] Auth.js: Not in Tauri, skipping deep link listener setup. @ http://localhost:5173/src/auth.js:115
[   10028ms] [LOG] [MP] Connected @ http://localhost:5173/src/multiplayer.js?t=1775224771131:76
[   10028ms] [LOG] [MP] Assigned ID: guest-1xs0vdzk @ http://localhost:5173/src/multiplayer.js?t=1775224771131:80
[   87995ms] TypeError: Cannot read properties of undefined (reading 'querySelector')
    at toggleSound (http://localhost:5173/src/sounds.js:731:29)
    at HTMLButtonElement.<anonymous> (http://localhost:5173/src/script.js:8281:5)
[   88803ms] TypeError: Cannot read properties of undefined (reading 'querySelector')
    at toggleSound (http://localhost:5173/src/sounds.js:731:29)
    at HTMLButtonElement.<anonymous> (http://localhost:5173/src/script.js:8281:5)
[   88968ms] TypeError: Cannot read properties of undefined (reading 'querySelector')
    at toggleSound (http://localhost:5173/src/sounds.js:731:29)
    at HTMLButtonElement.<anonymous> (http://localhost:5173/src/script.js:8281:5)
[   89677ms] [WARNING] cdn.tailwindcss.com should not be used in production. To use Tailwind CSS in production, install it as a PostCSS plugin or use the Tailwind CLI: https://tailwindcss.com/docs/installation @ https://cdn.tailwindcss.com/:63
[   89694ms] [ERROR] Failed to load resource: the server responded with a status of 404 (Not Found) @ http://localhost:5173/_vercel/insights/script.js:0
[   89895ms] [LOG] Supabase initialized successfully @ http://localhost:5173/src/auth.js:22
[   89896ms] [LOG] Auth.js: Initializing... @ http://localhost:5173/src/auth.js:124
[   89896ms] [LOG] Auth.js: UI Elements found: {modal: div#auth-modal.hidden, openBtn: button#login-btn.glass-icon, closeBtn: button#close-auth.close-btn, authForms: div#auth-forms, userProfile: div#user-profile.hidden} @ http://localhost:5173/src/auth.js:174
[   89896ms] [LOG] Auth.js: Attached click listener to Login Button @ http://localhost:5173/src/auth.js:199
[   89938ms] [VERBOSE] [DOM] Input elements should have autocomplete attributes (suggested: "current-password"): (More info: https://goo.gl/9p2vKq) %o @ http://localhost:5173/:0
[   89938ms] [VERBOSE] [DOM] Input elements should have autocomplete attributes (suggested: "current-password"): (More info: https://goo.gl/9p2vKq) %o @ http://localhost:5173/:0
[   89941ms] [LOG] Auth.js: Not in Tauri, skipping deep link listener setup. @ http://localhost:5173/src/auth.js:115
[   90949ms] TypeError: Cannot read properties of undefined (reading 'querySelector')
    at toggleSound (http://localhost:5173/src/sounds.js:731:29)
    at HTMLButtonElement.<anonymous> (http://localhost:5173/src/script.js:8281:5)
[   93120ms] TypeError: Cannot read properties of undefined (reading 'querySelector')
    at toggleSound (http://localhost:5173/src/sounds.js:731:29)
    at HTMLButtonElement.<anonymous> (http://localhost:5173/src/script.js:8281:5)
[   95276ms] [WARNING] cdn.tailwindcss.com should not be used in production. To use Tailwind CSS in production, install it as a PostCSS plugin or use the Tailwind CLI: https://tailwindcss.com/docs/installation @ https://cdn.tailwindcss.com/:63
[   95302ms] [ERROR] Failed to load resource: the server responded with a status of 404 (Not Found) @ http://localhost:5173/_vercel/insights/script.js:0
[   95520ms] [LOG] Supabase initialized successfully @ http://localhost:5173/src/auth.js:22
[   95521ms] [LOG] Auth.js: Initializing... @ http://localhost:5173/src/auth.js:124
[   95522ms] [LOG] Auth.js: UI Elements found: {modal: div#auth-modal.hidden, openBtn: button#login-btn.glass-icon, closeBtn: button#close-auth.close-btn, authForms: div#auth-forms, userProfile: div#user-profile.hidden} @ http://localhost:5173/src/auth.js:174
[   95522ms] [LOG] Auth.js: Attached click listener to Login Button @ http://localhost:5173/src/auth.js:199
[   95571ms] [VERBOSE] [DOM] Input elements should have autocomplete attributes (suggested: "current-password"): (More info: https://goo.gl/9p2vKq) %o @ http://localhost:5173/:0
[   95571ms] [VERBOSE] [DOM] Input elements should have autocomplete attributes (suggested: "current-password"): (More info: https://goo.gl/9p2vKq) %o @ http://localhost:5173/:0
[   95575ms] [LOG] Auth.js: Not in Tauri, skipping deep link listener setup. @ http://localhost:5173/src/auth.js:115
